bmsce@bmsce-Precision-T1700:~$ ls
 1b.java                                  lab5.java~
 1b.java~                                 lex.yy.c
 4.c                                      libraryinfo.csv
 4.c~                                     llab17
 5.c                                      m.c
 5.c~                                     mergesort
 a.out                                    merget
 apache-cassandra-3.11.0-bin.tar.gz       merget.c
 Aswath_cs028spark                        merget.o
 Aswath_cs028spark~                       mounteverest.txt
 cassandra                                mount.txt
 democs212                                ms.ads
 Desktop                                  Music
 Documents                                newfile
 Downloads                                ns-allinone-2.35
 eclipse                                  ns-allinone-2.35.tar.gz
 eclipse-workspace                        ns-allinone-3.29.tar.bz2
'e:\election.csv'                         outputCust.json
 FIFO1                                    output.json
 import_Library_library_info_import.err   output.txt
 jt                                       Pictures
 jt.c                                     Public
 jt.o                                     qs
 lab18.c~                                 qs.ads
 lab1b.java                               qs.c
 lab1b.java~                              qs.o
 lab1b.l                                  qst
 lab1b.l~                                 qst.c
 lab1b.y                                  qst.o
 lab1b.y~                                 random
 lab1.java                                sara
 lab1.java~                               slab17
 lab1.l                                   sllab17
 lab1.l~                                  snap
 lab2.l                                   softwares
 lab2.l~                                  spark-2.4.8-bin-hadoop2.6.tgz
 lab2.y                                  'spark installation'
 lab2.y~                                  Templates
 lab4.c                                   Videos
 lab4.c~                                  wc.txt
 lab4.java                                workspace
 lab4.java~                               y.tab.c
 lab5.java                                y.tab.h
bmsce@bmsce-Precision-T1700:~$ gedit
bmsce@bmsce-Precision-T1700:~$ gedit file1.txt

^Z
[1]+  Stopped                 gedit file1.txt
bmsce@bmsce-Precision-T1700:~$ cat
bmsce@bmsce-Precision-T1700:~$ cat help
cat: help: No such file or directory
bmsce@bmsce-Precision-T1700:~$ cat file1.txt
Lab 2 of USP on 15th November 2022.
bmsce@bmsce-Precision-T1700:~$ echo "lab2" > cat_create
bmsce@bmsce-Precision-T1700:~$ cat cat_create
lab2
bmsce@bmsce-Precision-T1700:~$ pwd
/home/bmsce
bmsce@bmsce-Precision-T1700:~$ ls
 1b.java                                  lab5.java
 1b.java~                                 lab5.java~
 4.c                                      lex.yy.c
 4.c~                                     libraryinfo.csv
 5.c                                      llab17
 5.c~                                     m.c
 a.out                                    mergesort
 apache-cassandra-3.11.0-bin.tar.gz       merget
 Aswath_cs028spark                        merget.c
 Aswath_cs028spark~                       merget.o
 cassandra                                mounteverest.txt
 cat_create                               mount.txt
 democs212                                ms.ads
 Desktop                                  Music
 Documents                                newfile
 Downloads                                ns-allinone-2.35
 eclipse                                  ns-allinone-2.35.tar.gz
 eclipse-workspace                        ns-allinone-3.29.tar.bz2
'e:\election.csv'                         outputCust.json
 FIFO1                                    output.json
 file1.txt                                output.txt
 import_Library_library_info_import.err   Pictures
 jt                                       Public
 jt.c                                     qs
 jt.o                                     qs.ads
 lab18.c~                                 qs.c
 lab1b.java                               qs.o
 lab1b.java~                              qst
 lab1b.l                                  qst.c
 lab1b.l~                                 qst.o
 lab1b.y                                  random
 lab1b.y~                                 sara
 lab1.java                                slab17
 lab1.java~                               sllab17
 lab1.l                                   snap
 lab1.l~                                  softwares
 lab2.l                                   spark-2.4.8-bin-hadoop2.6.tgz
 lab2.l~                                 'spark installation'
 lab2.y                                   Templates
 lab2.y~                                  Videos
 lab4.c                                   wc.txt
 lab4.c~                                  workspace
 lab4.java                                y.tab.c
 lab4.java~                               y.tab.h
bmsce@bmsce-Precision-T1700:~$ pwd
/home/bmsce
bmsce@bmsce-Precision-T1700:~$ cd home
bash: cd: home: No such file or directory
bmsce@bmsce-Precision-T1700:~$ cp cat_create democs212
bmsce@bmsce-Precision-T1700:~$ cat democs212
lab2
bmsce@bmsce-Precision-T1700:~$ mkdir 123
bmsce@bmsce-Precision-T1700:~$ cd 123
bmsce@bmsce-Precision-T1700:~/123$ echo "Lab Unix" >cat_2
bmsce@bmsce-Precision-T1700:~/123$ cp cat_2 cat_create
bmsce@bmsce-Precision-T1700:~/123$ cat cat_crete
cat: cat_crete: No such file or directory
bmsce@bmsce-Precision-T1700:~/123$ cat cat_create
Lab Unix
bmsce@bmsce-Precision-T1700:~/123$ ls -a
.  ..  cat_2  cat_create
bmsce@bmsce-Precision-T1700:~/123$ cd ..
bmsce@bmsce-Precision-T1700:~$ cp --help
Usage: cp [OPTION]... [-T] SOURCE DEST
  or:  cp [OPTION]... SOURCE... DIRECTORY
  or:  cp [OPTION]... -t DIRECTORY SOURCE...
Copy SOURCE to DEST, or multiple SOURCE(s) to DIRECTORY.

Mandatory arguments to long options are mandatory for short options too.
  -a, --archive                same as -dR --preserve=all
      --attributes-only        don't copy the file data, just the attributes
      --backup[=CONTROL]       make a backup of each existing destination file
  -b                           like --backup but does not accept an argument
      --copy-contents          copy contents of special files when recursive
  -d                           same as --no-dereference --preserve=links
  -f, --force                  if an existing destination file cannot be
                                 opened, remove it and try again (this option
                                 is ignored when the -n option is also used)
  -i, --interactive            prompt before overwrite (overrides a previous -n
                                  option)
  -H                           follow command-line symbolic links in SOURCE
  -l, --link                   hard link files instead of copying
  -L, --dereference            always follow symbolic links in SOURCE
  -n, --no-clobber             do not overwrite an existing file (overrides
                                 a previous -i option)
  -P, --no-dereference         never follow symbolic links in SOURCE
  -p                           same as --preserve=mode,ownership,timestamps
      --preserve[=ATTR_LIST]   preserve the specified attributes (default:
                                 mode,ownership,timestamps), if possible
                                 additional attributes: context, links, xattr,
                                 all
      --no-preserve=ATTR_LIST  don't preserve the specified attributes
      --parents                use full source file name under DIRECTORY
  -R, -r, --recursive          copy directories recursively
      --reflink[=WHEN]         control clone/CoW copies. See below
      --remove-destination     remove each existing destination file before
                                 attempting to open it (contrast with --force)
      --sparse=WHEN            control creation of sparse files. See below
      --strip-trailing-slashes  remove any trailing slashes from each SOURCE
                                 argument
  -s, --symbolic-link          make symbolic links instead of copying
  -S, --suffix=SUFFIX          override the usual backup suffix
  -t, --target-directory=DIRECTORY  copy all SOURCE arguments into DIRECTORY
  -T, --no-target-directory    treat DEST as a normal file
  -u, --update                 copy only when the SOURCE file is newer
                                 than the destination file or when the
                                 destination file is missing
  -v, --verbose                explain what is being done
  -x, --one-file-system        stay on this file system
  -Z                           set SELinux security context of destination
                                 file to default type
      --context[=CTX]          like -Z, or if CTX is specified then set the
                                 SELinux or SMACK security context to CTX
      --help     display this help and exit
      --version  output version information and exit

By default, sparse SOURCE files are detected by a crude heuristic and the
corresponding DEST file is made sparse as well.  That is the behavior
selected by --sparse=auto.  Specify --sparse=always to create a sparse DEST
file whenever the SOURCE file contains a long enough sequence of zero bytes.
Use --sparse=never to inhibit creation of sparse files.

When --reflink[=always] is specified, perform a lightweight copy, where the
data blocks are copied only when modified.  If this is not possible the copy
fails, or if --reflink=auto is specified, fall back to a standard copy.
Use --reflink=never to ensure a standard copy is performed.

The backup suffix is '~', unless set with --suffix or SIMPLE_BACKUP_SUFFIX.
The version control method may be selected via the --backup option or through
the VERSION_CONTROL environment variable.  Here are the values:

  none, off       never make backups (even if --backup is given)
  numbered, t     make numbered backups
  existing, nil   numbered if numbered backups exist, simple otherwise
  simple, never   always make simple backups

As a special case, cp makes a backup of SOURCE when the force and backup
options are given and SOURCE and DEST are the same name for an existing,
regular file.

GNU coreutils online help: <https://www.gnu.org/software/coreutils/>
Full documentation at: <https://www.gnu.org/software/coreutils/cp>
or available locally via: info '(coreutils) cp invocation'
bmsce@bmsce-Precision-T1700:~$ cp -i
cp: missing file operand
Try 'cp --help' for more information.
bmsce@bmsce-Precision-T1700:~$ cp -i cat_create
cp: missing destination file operand after 'cat_create'
Try 'cp --help' for more information.
bmsce@bmsce-Precision-T1700:~$ cp -i cat_create cat_2
bmsce@bmsce-Precision-T1700:~$ cp -R cat_2 cat_create
bmsce@bmsce-Precision-T1700:~$ rm cat_2
bmsce@bmsce-Precision-T1700:~$ cd 123
bmsce@bmsce-Precision-T1700:~/123$ cd ..
bmsce@bmsce-Precision-T1700:~$ mv cat_create cat_1
bmsce@bmsce-Precision-T1700:~$ >cat_2
bmsce@bmsce-Precision-T1700:~$ > cat_2
bmsce@bmsce-Precision-T1700:~$ cat >cat_2
2
bmsce@bmsce-Precision-T1700:~$ cat >cat_3
3
bmsce@bmsce-Precision-T1700:~$ cd 123
bmsce@bmsce-Precision-T1700:~/123$ pwd
/home/bmsce/123
bmsce@bmsce-Precision-T1700:~/123$ mv /home/bmsce/123 cat_1 cat_2 cat_3
mv: target 'cat_3' is not a directory
bmsce@bmsce-Precision-T1700:~/123$ mv -t /home/bmsce/123 cat_1 cat_2 cat_3
mv: cannot stat 'cat_1': No such file or directory
mv: 'cat_2' and '/home/bmsce/123/cat_2' are the same file
mv: cannot stat 'cat_3': No such file or directory
bmsce@bmsce-Precision-T1700:~/123$ cd ..
bmsce@bmsce-Precision-T1700:~$ ls -l
total 350572
drwxr-xr-x  2 bmsce bmsce      4096 Nov 15 11:57  123
-rw-r--r--  1 bmsce bmsce       676 Jun  6 19:14  1b.java
-rw-r--r--  1 bmsce bmsce       676 Jun  6 19:14  1b.java~
-rw-r--r--  1 bmsce bmsce      1352 Jun  6 19:52  4.c
-rw-r--r--  1 bmsce bmsce      1352 Jun  6 19:52  4.c~
-rw-r--r--  1 bmsce bmsce       958 Jun  6 19:54  5.c
-rw-r--r--  1 bmsce bmsce       958 Jun  6 19:54  5.c~
-rwxr-xr-x  1 bmsce bmsce     16824 Jun  6 19:54  a.out
-rw-r--r--  1 bmsce bmsce  37929669 Aug 20  2018  apache-cassandra-3.11.0-bin.tar.gz
-rw-r--r--  1 bmsce bmsce       245 Jul 11 12:02  Aswath_cs028spark
-rw-r--r--  1 bmsce bmsce       245 Jul 11 12:02  Aswath_cs028spark~
drwxr-xr-x  3 bmsce bmsce      4096 Apr 22  2022  cassandra
-rw-r--r--  1 bmsce bmsce         5 Nov 15 12:15  cat_1
-rw-r--r--  1 bmsce bmsce         2 Nov 15 12:25  cat_2
-rw-r--r--  1 bmsce bmsce         2 Nov 15 12:25  cat_3
-rw-r--r--  1 bmsce bmsce         5 Nov 15 11:54  democs212
drwxr-xr-x  7 bmsce bmsce      4096 Jul 12 10:27  Desktop
drwxr-xr-x  6 bmsce bmsce      4096 Jul  1 14:20  Documents
drwxr-xr-x  8 bmsce bmsce      4096 Jul 12 19:01  Downloads
drwxrwxr-x  8 bmsce bmsce      4096 Jun 29 14:59  eclipse
drwxrwxr-x 23 bmsce bmsce      4096 Jul 20 12:40  eclipse-workspace
-rw-r--r--  1 bmsce bmsce       117 Jun  8 15:52 'e:\election.csv'
prwxr-xr-x  1 bmsce bmsce         0 Jan  3  2022  FIFO1
-rw-r--r--  1 bmsce bmsce        36 Nov 15 11:41  file1.txt
-rw-r--r--  1 bmsce bmsce         0 May  4  2022  import_Library_library_info_import.err
-rwxrwxr-x  1 bmsce bmsce     16856 Jul 21 10:27  jt
-rw-rw-r--  1 bmsce bmsce       869 Jul 21 10:27  jt.c
-rw-rw-r--  1 bmsce bmsce      4256 Jul 21 10:27  jt.o
-rw-r--r--  1 bmsce bmsce       557 Jan  3  2022  lab18.c~
-rw-r--r--  1 bmsce bmsce       675 Jun  6 19:17  lab1b.java
-rw-r--r--  1 bmsce bmsce       675 Jun  6 19:17  lab1b.java~
-rw-r--r--  1 bmsce bmsce       201 Jun  6 19:22  lab1b.l
-rw-r--r--  1 bmsce bmsce       201 Jun  6 19:22  lab1b.l~
-rw-r--r--  1 bmsce bmsce       475 Jun  6 19:23  lab1b.y
-rw-r--r--  1 bmsce bmsce       475 Jun  6 19:23  lab1b.y~
-rw-r--r--  1 bmsce bmsce       495 Jun  6 18:54  lab1.java
-rw-r--r--  1 bmsce bmsce       495 Jun  6 18:54  lab1.java~
-rw-r--r--  1 bmsce bmsce       544 May 10  2022  lab1.l
-rw-r--r--  1 bmsce bmsce       544 May 10  2022  lab1.l~
-rw-r--r--  1 bmsce bmsce        82 Jun  6 19:35  lab2.l
-rw-r--r--  1 bmsce bmsce        82 Jun  6 19:35  lab2.l~
-rw-r--r--  1 bmsce bmsce       250 Jun  6 19:36  lab2.y
-rw-r--r--  1 bmsce bmsce       250 Jun  6 19:36  lab2.y~
-rw-r--r--  1 bmsce bmsce      1916 Jun  6 19:46  lab4.c
-rw-r--r--  1 bmsce bmsce      1916 Jun  6 19:46  lab4.c~
-rw-r--r--  1 bmsce bmsce      1916 Jun  6 19:43  lab4.java
-rw-r--r--  1 bmsce bmsce      1916 Jun  6 19:43  lab4.java~
-rw-r--r--  1 bmsce bmsce       958 May 10  2022  lab5.java
-rw-r--r--  1 bmsce bmsce       958 May 10  2022  lab5.java~
-rw-r--r--  1 bmsce bmsce     44608 Jun  6 19:55  lex.yy.c
-rw-r--r--  1 bmsce bmsce       187 May  4  2022  libraryinfo.csv
-rw-r--r--  3 bmsce bmsce       144 Jan  3  2022  llab17
-rw-rw-r--  1 bmsce bmsce      1396 Jul 21 10:43  m.c
-rw-rw-r--  1 bmsce bmsce      1074 Jul 21 09:40  mergesort
-rwxrwxr-x  1 bmsce bmsce     16808 Jul 21 10:25  merget
-rw-rw-r--  1 bmsce bmsce       920 Jul 21 10:25  merget.c
-rw-rw-r--  1 bmsce bmsce      3568 Jul 21 10:25  merget.o
-rw-r--r--  1 bmsce bmsce       431 Jun 29 14:47  mounteverest.txt
-rw-r--r--  1 bmsce bmsce       396 Jun 28 10:07  mount.txt
-rw-rw-r--  1 bmsce bmsce      1093 Jul 21 09:45  ms.ads
drwxr-xr-x  2 bmsce bmsce      4096 Jan  3  2022  Music
prwxr-xr-x  1 bmsce bmsce         0 Jan  3  2022  newfile
drwxr-xr-x 14 bmsce bmsce      4096 Nov  4  2011  ns-allinone-2.35
-rw-r--r--  1 bmsce bmsce  59529999 Apr 30  2014  ns-allinone-2.35.tar.gz
-rw-r--r--  1 bmsce bmsce  27158284 Jul 27  2019  ns-allinone-3.29.tar.bz2
-rw-r--r--  1 bmsce bmsce       292 Apr 30  2022  outputCust.json
-rw-r--r--  1 bmsce bmsce       672 Apr 30  2022  output.json
-rw-r--r--  1 bmsce bmsce         0 Jun  6 19:54  output.txt
drwxr-xr-x  2 bmsce bmsce      4096 Apr 20  2022  Pictures
drwxr-xr-x  2 bmsce bmsce      4096 Jan  3  2022  Public
-rwxrwxr-x  1 bmsce bmsce     16616 Jul 21 10:09  qs
-rw-rw-r--  1 bmsce bmsce       928 Jul 21 09:49  qs.ads
-rw-rw-r--  1 bmsce bmsce       928 Jul 21 09:50  qs.c
-rw-rw-r--  1 bmsce bmsce      2768 Jul 21 10:09  qs.o
-rwxrwxr-x  1 bmsce bmsce     16776 Jul 21 10:22  qst
-rw-rw-r--  1 bmsce bmsce       798 Jul 21 10:22  qst.c
-rw-rw-r--  1 bmsce bmsce      3272 Jul 21 10:22  qst.o
drwxr-xr-x 53 bmsce bmsce      4096 Dec 21  2021  random
drwxr-xr-x  2 bmsce bmsce      4096 Nov  8 12:08  sara
-rw-r--r--  3 bmsce bmsce       144 Jan  3  2022  slab17
lrwxrwxrwx  1 bmsce bmsce         7 Jan  3  2022  sllab17 -> lab17.c
drwx------  7 bmsce bmsce      4096 Jun 14 10:01  snap
drwxr-xr-x  4 bmsce bmsce      4096 Aug  1  2019  softwares
-rw-r--r--  1 bmsce bmsce 233849041 Apr 11  2022  spark-2.4.8-bin-hadoop2.6.tgz
-rw-r--r--  1 bmsce bmsce      1615 Apr 11  2022 'spark installation'
drwxr-xr-x  2 bmsce bmsce      4096 Aug  1  2019  Templates
drwxr-xr-x  2 bmsce bmsce      4096 Aug  1  2019  Videos
-rw-r--r--  1 bmsce bmsce        23 Jun 29 14:14  wc.txt
drwxr-xr-x  6 bmsce bmsce      4096 Jul  2 10:10  workspace
-rw-r--r--  1 bmsce bmsce     48032 Jun  6 19:55  y.tab.c
-rw-r--r--  1 bmsce bmsce      2217 Jun  6 19:55  y.tab.h
bmsce@bmsce-Precision-T1700:~$ mv 123 111
bmsce@bmsce-Precision-T1700:~$ cd 111
bmsce@bmsce-Precision-T1700:~/111$ cd ..
bmsce@bmsce-Precision-T1700:~$ mv cat_2 cat_2.txt
bmsce@bmsce-Precision-T1700:~$ wc -l cat_1
1 cat_1
bmsce@bmsce-Precision-T1700:~$ od cat_1
0000000 060554 031142 000012
0000005
bmsce@bmsce-Precision-T1700:~$ cmp cat_1 cat_2
cmp: cat_2: No such file or directory
bmsce@bmsce-Precision-T1700:~$ cmp cat_1 cat_2.txt
cat_1 cat_2.txt differ: byte 1, line 1
bmsce@bmsce-Precision-T1700:~$ gzip cat_1
bmsce@bmsce-Precision-T1700:~$ gunzip cat_1
